// Jest Snapshot v1, https://goo.gl/fbAQLP

exports[`<Loader /> renders without crashing 1`] = `
<div>
  <div
    class="loader"
  >
    <img
      alt="loader"
      src="svg>
"
    />
  </div>
</div>
`;
